<!DOCTYPE html>
<html>
  <head>
    <meta http-equiv='Content-Type' content='text/html; charset=utf-8'></meta>
    <link rel='stylesheet' type='text/css' href='statprofiler.css'></link>
    <title>StatProfilerHTML - fake-source.jl</title>
  </head>
  <body>
    <div class='report-header'>
      <div class='backlink'>
        <a href='index.html'>Report index</a>
      </div>
      <div class='report-title'>
        StatProfilerHTML.jl report
      </div>
      <div class='generated-on'>
        Generated on Sat, 31 Dec 2022 00:00:00
      </div>
    </div>
    <table>
      <caption>File source code</caption>
      <thead>
        <tr>
          <th>Line</th>
          <th>Exclusive</th>
          <th>Inclusive</th>
          <th>Code</th>
        </tr>
      </thead>
      <tbody>
        <tr id='L1'>
          <td class='lineno'>1</td>
          <td class='tracecount excl'></td>
          <td class='tracecount incl'></td>
          <td>
            
            
            <span class='code'>#&#61;</span>
          </td>
        </tr>
        <tr id='L2'>
          <td class='lineno'>2</td>
          <td class='tracecount excl'></td>
          <td class='tracecount incl'></td>
          <td>
            
            
            <span class='code'>A comment filling up</span>
          </td>
        </tr>
        <tr id='L3'>
          <td class='lineno'>3</td>
          <td class='tracecount excl'></td>
          <td class='tracecount incl'></td>
          <td>
            
            
            <span class='code'>a few lines</span>
          </td>
        </tr>
        <tr id='L4'>
          <td class='lineno'>4</td>
          <td class='tracecount excl'></td>
          <td class='tracecount incl'></td>
          <td>
            
            
            <span class='code'>until we reach</span>
          </td>
        </tr>
        <tr id='L5'>
          <td class='lineno'>5</td>
          <td class='tracecount excl'></td>
          <td class='tracecount incl'></td>
          <td>
            
            
            <span class='code'>line number</span>
          </td>
        </tr>
        <tr id='L6'>
          <td class='lineno'>6</td>
          <td class='tracecount excl'></td>
          <td class='tracecount incl'></td>
          <td>
            
            
            <span class='code'>8</span>
          </td>
        </tr>
        <tr id='L7'>
          <td class='lineno'>7</td>
          <td class='tracecount excl'></td>
          <td class='tracecount incl'></td>
          <td>
            
            
            <span class='code'>&#61;#</span>
          </td>
        </tr>
        <tr id='L8'>
          <td class='lineno'>8</td>
          <td class='tracecount excl'>1 &#40;33 &#37;&#41;</td>
          <td class='tracecount incl'>1 &#40;33 &#37;&#41;</td>
          <td>
            <div class='call-sites'>
              1 &#40;33 &#37;&#41;
              samples spent in helper_function
              <br />
              1 &#40;100 &#37;&#41; &#40;ex.&#41;,
              1 &#40;100 &#37;&#41; &#40;incl.&#41;
              when called from main_function
              <a href='fake-source.jl-4c8b0079d11b2925585882f699dd2fdccff100a6.html#L15'>line 15</a>
              <br />
            </div>
            
            <span class='code'>function helper_function&#40;&#41;</span>
          </td>
        </tr>
        <tr id='L9'>
          <td class='lineno'>9</td>
          <td class='tracecount excl'></td>
          <td class='tracecount incl'></td>
          <td>
            
            
            <span class='code'>    return true</span>
          </td>
        </tr>
        <tr id='L10'>
          <td class='lineno'>10</td>
          <td class='tracecount excl'></td>
          <td class='tracecount incl'></td>
          <td>
            
            
            <span class='code'>end</span>
          </td>
        </tr>
        <tr id='L11'>
          <td class='lineno'>11</td>
          <td class='tracecount excl'></td>
          <td class='tracecount incl'></td>
          <td>
            
            
            <span class='code'></span>
          </td>
        </tr>
        <tr id='L12'>
          <td class='lineno'>12</td>
          <td class='tracecount excl'></td>
          <td class='tracecount incl'></td>
          <td>
            
            
            <span class='code'>#&#61;</span>
          </td>
        </tr>
        <tr id='L13'>
          <td class='lineno'>13</td>
          <td class='tracecount excl'></td>
          <td class='tracecount incl'></td>
          <td>
            
            
            <span class='code'>Another comment</span>
          </td>
        </tr>
        <tr id='L14'>
          <td class='lineno'>14</td>
          <td class='tracecount excl'></td>
          <td class='tracecount incl'></td>
          <td>
            
            
            <span class='code'>&#61;#</span>
          </td>
        </tr>
        <tr id='L15'>
          <td class='lineno'>15</td>
          <td class='tracecount excl'>1 &#40;33 &#37;&#41;</td>
          <td class='tracecount incl'>3 &#40;100 &#37;&#41;</td>
          <td>
            
            <div class='callees'>
              1 &#40;50 &#37;&#41;
              samples spent calling
              <a href='notfound.html#L20'>hidden_function</a>
              <br />
              1 &#40;50 &#37;&#41;
              samples spent calling
              <a href='fake-source.jl-4c8b0079d11b2925585882f699dd2fdccff100a6.html#L8'>helper_function</a>
              <br />
            </div>
            <span class='code'>function main_function&#40;&#41;</span>
          </td>
        </tr>
        <tr id='L16'>
          <td class='lineno'>16</td>
          <td class='tracecount excl'></td>
          <td class='tracecount incl'></td>
          <td>
            
            
            <span class='code'>    return helper_function&#40;&#41;</span>
          </td>
        </tr>
        <tr id='L17'>
          <td class='lineno'>17</td>
          <td class='tracecount excl'></td>
          <td class='tracecount incl'></td>
          <td>
            
            
            <span class='code'>end</span>
          </td>
        </tr>
      </tbody>
    </table>
  </body>
</html>

