<!DOCTYPE html>
<html>
  <head>
    <meta http-equiv='Content-Type' content='text/html; charset=utf-8'></meta>
    <link rel='stylesheet' type='text/css' href='statprofiler.css'></link>
    <title>StatProfilerHTML - file list</title>
  </head>
  <body>
    <div class='report-header'>
      <div class='backlink'>
        <a href='index.html'>Report index</a>
      </div>
      <div class='report-title'>
        StatProfilerHTML.jl report
      </div>
      <div class='generated-on'>
        Generated on Sat, 31 Dec 2022 00:00:00
      </div>
    </div>
    <table>
      <caption>Files sorted by exclusive sample count</caption>
      <thead>
        <tr>
          <th>Exclusive</th>
          <th>Report</th>
        </tr>
      </thead>
      <tbody>
        <tr>
          <td>2 &#40;67 &#37;&#41;</td>
          <td>
            <a href='fake-source.jl-4c8b0079d11b2925585882f699dd2fdccff100a6.html'>fake-source.jl</a>
          </td>
        </tr>
      </tbody>
    </table>
    
  </body>
</html>