<!DOCTYPE html>
<html>
  <head>
    <meta http-equiv='Content-Type' content='text/html; charset=utf-8'></meta>
    <link rel='stylesheet' type='text/css' href='statprofiler.css'></link>
    <title>StatProfilerHTML - main report</title>
  </head>
  <body>
    <div class='report-header'>
      <div class='backlink'>
        <a href='index.html'>Report index</a>
      </div>
      <div class='report-title'>
        StatProfilerHTML.jl report
      </div>
      <div class='generated-on'>
        Generated on Sat, 31 Dec 2022 00:00:00
      </div>
    </div>
    <object data='flamegraph.svg' type='image/svg&#43;xml' style='display: block' id='flamegraph' width='90&#37;'></object>
    <table>
      <caption>Methods sorted by exclusive sample count</caption>
      <thead>
        <tr>
          <th>Exclusive</th>
          <th>Inclusive</th>
          <th>Method</th>
        </tr>
      </thead>
      <tbody>
        <tr>
          <td>1 &#40;50 &#37;&#41;</td>
          <td>2 &#40;100 &#37;&#41;</td>
          <td>
            <a href='fake-source.jl-4c8b0079d11b2925585882f699dd2fdccff100a6.html#L15'>main_function</a>
          </td>
        </tr>
        <tr>
          <td>1 &#40;50 &#37;&#41;</td>
          <td>1 &#40;50 &#37;&#41;</td>
          <td>
            <a href='fake-source.jl-4c8b0079d11b2925585882f699dd2fdccff100a6.html#L8'>helper_function</a>
          </td>
        </tr>
      </tbody>
    </table>
    <p>
      <a href='methods.html'>All methods</a>
    </p>

    <table>
      <caption>Files sorted by exclusive sample count</caption>
      <thead>
        <tr>
          <th>Exclusive</th>
          <th>Report</th>
        </tr>
      </thead>
      <tbody>
        <tr>
          <td>2 &#40;100 &#37;&#41;</td>
          <td>
            <a href='fake-source.jl-4c8b0079d11b2925585882f699dd2fdccff100a6.html'>fake-source.jl</a>
          </td>
        </tr>
      </tbody>
    </table>
    <p>
      <a href='files.html'>All files</a>
    </p>
  </body>
</html>

